This is a test.log
